Microchip MPLAB XC8 Compiler V2.00 ()

Linker command line:

-W-3 --edf=/opt/microchip/xc8/v2.00/pic/dat/en_msgs.txt -cs \
  -h+dist/default/production/CaracterNuevo.X.production.sym \
  --cmf=dist/default/production/CaracterNuevo.X.production.cmf -z -Q16F887 \
  -o/tmp/xcXGqDe0M --defsym=__MPLAB_BUILD=1 \
  -Mdist/default/production/CaracterNuevo.X.production.map -E1 -ver=XC8 \
  --acfsm=1493 -ASTACK=0110h-016fh -pstack=STACK -ACODE=00h-07FFhx4 \
  -ASTRCODE=00h-01FFFh -ASTRING=00h-0FFhx32 -ACONST=00h-0FFhx32 \
  -AENTRY=00h-0FFhx32 -ACOMMON=070h-07Fh -ABANK0=020h-06Fh \
  -ABANK1=0A0h-0EFh -ABANK2=0110h-016Fh -ABANK3=0190h-01EFh \
  -ARAM=020h-06Fh,0A0h-0EFh,0110h-016Fh,0190h-01EFh \
  -AABS1=020h-07Fh,0A0h-0EFh,0110h-016Fh,0190h-01EFh -ASFR0=00h-01Fh \
  -ASFR1=080h-09Fh -ASFR2=0100h-010Fh -ASFR3=0180h-018Fh \
  -preset_vec=00h,intentry,init,end_init -ppowerup=CODE -pcinit=CODE \
  -pfunctab=ENTRY -ACONFIG=02007h-02008h -pconfig=CONFIG -DCONFIG=2 \
  -AIDLOC=02000h-02003h -pidloc=IDLOC -DIDLOC=2 -AEEDATA=00h-0FFh/02100h \
  -peeprom_data=EEDATA -DEEDATA=2 -DCODE=2 -DSTRCODE=2 -DSTRING=2 -DCONST=2 \
  -DENTRY=2 -k /tmp/xcXhln0QP.o \
  dist/default/production/CaracterNuevo.X.production.o 

Object code version is 3.11

Machine type is 16F887



                Name                               Link     Load   Length Selector   Space Scale
/tmp/xcXhln0QP.o
                end_init                              0        0        3        0       0
                config                             2007     2007        1     400E       0
dist/default/production/CaracterNuevo.X.production.o
                cinit                               7E1      7E1       1F      FC2       0
                text4                               526      526       31      A4C       0
                text3                               5C1      5C1       49      B82       0
                text2                               60A      60A       4A      C14       0
                text1                               557      557       32      AAE       0
                maintext                            654      654      18D      CA8       0
                cstackBANK0                          20       20       44       20       1
                cstackCOMMON                         70       70        B       70       1
                inittext                            513      513       13      A26       0
                dataBANK1                            A0       A0       38       A0       1
                dataBANK0                            64       64        8       20       1
                idataBANK1                          589      589       38      B12       0
                idataBANK0                          50B      50B        8      A16       0

TOTAL           Name                               Link     Load   Length     Space
        CLASS   STACK          

        CLASS   CODE           
                end_init                              0        0        3         0
                cinit                               7E1      7E1       1F         0
                text4                               526      526       31         0
                text3                               5C1      5C1       49         0
                text2                               60A      60A       4A         0
                text1                               557      557       32         0
                maintext                            654      654      18D         0
                inittext                            513      513       13         0
                idataBANK1                          589      589       38         0
                idataBANK0                          50B      50B        8         0

        CLASS   STRCODE        

        CLASS   STRING         

        CLASS   CONST          

        CLASS   ENTRY          

        CLASS   COMMON         
                cstackCOMMON                         70       70        B         1

        CLASS   BANK0          
                cstackBANK0                          20       20       44         1
                dataBANK0                            64       64        8         1

        CLASS   BANK1          
                dataBANK1                            A0       A0       38         1

        CLASS   BANK2          

        CLASS   BANK3          

        CLASS   RAM            

        CLASS   ABS1           
                abs_s1                               7E       7E        2         1

        CLASS   SFR0           

        CLASS   SFR1           

        CLASS   SFR2           

        CLASS   SFR3           

        CLASS   CONFIG         
                config                             2007     2007        1         0

        CLASS   IDLOC          

        CLASS   EEDATA         



SEGMENTS        Name                           Load    Length   Top    Selector   Space  Class     Delta

                reset_vec                      000000  000003  000003         0       0  CODE        2
                cstackBANK0                    000020  00004C  00006C        20       1  BANK0       1
                cstackCOMMON                   000070  00000B  00007B        70       1  COMMON      1
                dataBANK1                      0000A0  000038  0000D8        A0       1  BANK1       1
                idataBANK0                     00050B  000008  000513       A16       0  CODE        2
                inittext                       000513  000013  000526       A26       0  CODE        2
                text4                          000526  000031  000557       A4C       0  CODE        2
                text1                          000557  000032  000589       AAE       0  CODE        2
                idataBANK1                     000589  000038  0005C1       B12       0  CODE        2
                text3                          0005C1  000049  00060A       B82       0  CODE        2
                text2                          00060A  00004A  000654       C14       0  CODE        2
                maintext                       000654  00018D  0007E1       CA8       0  CODE        2
                cinit                          0007E1  00001F  000800       FC2       0  CODE        2
                config                         002007  000001  002008      400E       0  CONFIG      2


UNUSED ADDRESS RANGES

        Name                Unused          Largest block    Delta
        BANK0            006C-006F              4           1
        BANK1            00D8-00EF             18           1
        BANK2            0110-016F             60           1
        BANK3            0190-01EF             60           1
        CODE             0003-050A            508           2
                         0800-1FFF            800
        COMMON           007B-007D              3           1
        CONFIG           2008-2008              1           2
        CONST            0003-050A            100           2
                         0800-1FFF            100
        EEDATA           2100-21FF            100           2
        ENTRY            0003-050A            100           2
                         0800-1FFF            100
        IDLOC            2000-2003              4           2
        RAM              006C-006F              4           1
                         00D8-00EF             18
                         0110-016F             60
                         0190-01EF             60
        SFR0             0000-001F             20           1
        SFR1             0080-009F             20           1
        SFR2             0100-010F             10           1
        SFR3             0180-018F             10           1
        STACK            0110-016F             60           1
        STRCODE          0003-050A            508           2
                         0800-1FFF           1800
        STRING           0003-050A            100           2
                         0800-1FFF            100

                                  Symbol Table

_ANSEL                   (abs)        0188
_PORTD                   (abs)        0008
_PORTEbits               (abs)        0009
_TRISD                   (abs)        0088
_TRISE                   (abs)        0089
__CFG_FCMEN$OFF          (abs)        0000
__CFG_FOSC$INTRC_CLKOUT  (abs)        0000
__CFG_IESO$OFF           (abs)        0000
__CFG_PWRTE$ON           (abs)        0000
__CFG_WDTE$OFF           (abs)        0000
__Habs1                  abs1         0000
__Hbank0                 bank0        0000
__Hbank1                 bank1        0000
__Hbank2                 bank2        0000
__Hbank3                 bank3        0000
__Hcinit                 cinit        0800
__Hclrtext               clrtext      0000
__Hcode                  code         0000
__Hcommon                common       0000
__Hconfig                config       2008
__HcstackBANK0           cstackBANK0  0000
__HcstackCOMMON          cstackCOMMON 0000
__HdataBANK0             dataBANK0    0000
__HdataBANK1             dataBANK1    0000
__Heeprom_data           eeprom_data  0000
__Hend_init              end_init     0003
__Hfunctab               functab      0000
__HidataBANK0            idataBANK0   0000
__HidataBANK1            idataBANK1   0000
__Hidloc                 idloc        0000
__Hinit                  init         0000
__Hinittext              inittext     0000
__Hintentry              intentry     0000
__Hmaintext              maintext     0000
__Hpowerup               powerup      0000
__Hram                   ram          0000
__Hreset_vec             reset_vec    0000
__Hsfr0                  sfr0         0000
__Hsfr1                  sfr1         0000
__Hsfr2                  sfr2         0000
__Hsfr3                  sfr3         0000
__Hspace_0               (abs)        2008
__Hspace_1               (abs)        00D8
__Hspace_2               (abs)        0000
__Hspace_3               (abs)        0000
__Hstack                 stack        0000
__Hstrings               strings      0000
__Htext                  text         0000
__Labs1                  abs1         0000
__Lbank0                 bank0        0000
__Lbank1                 bank1        0000
__Lbank2                 bank2        0000
__Lbank3                 bank3        0000
__Lcinit                 cinit        07E1
__Lclrtext               clrtext      0000
__Lcode                  code         0000
__Lcommon                common       0000
__Lconfig                config       2007
__LcstackBANK0           cstackBANK0  0000
__LcstackCOMMON          cstackCOMMON 0000
__LdataBANK0             dataBANK0    0000
__LdataBANK1             dataBANK1    0000
__Leeprom_data           eeprom_data  0000
__Lend_init              end_init     0000
__Lfunctab               functab      0000
__LidataBANK0            idataBANK0   0000
__LidataBANK1            idataBANK1   0000
__Lidloc                 idloc        0000
__Linit                  init         0000
__Linittext              inittext     0000
__Lintentry              intentry     0000
__Lmaintext              maintext     0000
__Lpowerup               powerup      0000
__Lram                   ram          0000
__Lreset_vec             reset_vec    0000
__Lsfr0                  sfr0         0000
__Lsfr1                  sfr1         0000
__Lsfr2                  sfr2         0000
__Lsfr3                  sfr3         0000
__Lspace_0               (abs)        0000
__Lspace_1               (abs)        0000
__Lspace_2               (abs)        0000
__Lspace_3               (abs)        0000
__Lstack                 stack        0000
__Lstrings               strings      0000
__Ltext                  text         0000
__S0                     (abs)        2008
__S1                     (abs)        00D8
__S2                     (abs)        0000
__S3                     (abs)        0000
___int_sp                stack        0000
___latbits               (abs)        0002
___sp                    stack        0000
__end_of__initialization cinit        07FC
__end_of_comando         text3        060A
__end_of_configurarLCD   text4        0557
__end_of_crearCaracter   text1        0589
__end_of_escribirDato    text2        0654
__end_of_main            maintext     07E1
__initialization         cinit        07E1
__pcstackBANK0           cstackBANK0  0020
__pcstackCOMMON          cstackCOMMON 0070
__pdataBANK0             dataBANK0    0064
__pdataBANK1             dataBANK1    00A0
__pidataBANK0            idataBANK0   050B
__pidataBANK1            idataBANK1   0589
__pmaintext              maintext     0654
__ptext1                 text1        0557
__ptext2                 text2        060A
__ptext3                 text3        05C1
__ptext4                 text4        0526
__size_of_comando        (abs)        0000
__size_of_configurarLCD  (abs)        0000
__size_of_crearCaracter  (abs)        0000
__size_of_escribirDato   (abs)        0000
__size_of_main           (abs)        0000
_comando                 text3        05C1
_configurarLCD           text4        0526
_crearCaracter           text1        0557
_escribirDato            text2        060A
_main                    maintext     0654
btemp                    (abs)        007E
comando@command          cstackCOMMON 0074
comando@estado           cstackCOMMON 0072
comando@t                cstackCOMMON 0075
configurarLCD@estado     cstackCOMMON 0072
configurarLCD@t          cstackCOMMON 0074
crearCaracter@address    cstackCOMMON 0077
crearCaracter@i          cstackCOMMON 0079
crearCaracter@pattern    cstackCOMMON 007A
end_of_initialization    cinit        07FC
escribirDato@data        cstackCOMMON 0074
escribirDato@estado      cstackCOMMON 0072
escribirDato@t           cstackCOMMON 0075
init_fetch0              inittext     0513
init_ram0                inittext     0517
intlevel0                functab      0000
intlevel1                functab      0000
intlevel2                functab      0000
intlevel3                functab      0000
intlevel4                functab      0000
intlevel5                functab      0000
main@F1330               dataBANK0    0064
main@F1332               dataBANK1    00D0
main@F1334               dataBANK1    00C8
main@F1336               dataBANK1    00C0
main@F1338               dataBANK1    00B8
main@F1340               dataBANK1    00B0
main@F1342               dataBANK1    00A8
main@F1344               dataBANK1    00A0
main@pattern1            cstackBANK0  0024
main@pattern2            cstackBANK0  002C
main@pattern3            cstackBANK0  0034
main@pattern4            cstackBANK0  003C
main@pattern5            cstackBANK0  0044
main@pattern6            cstackBANK0  004C
main@pattern7            cstackBANK0  0054
main@pattern8            cstackBANK0  005C
reset_vec                reset_vec    0000
stackhi                  (abs)        0000
stacklo                  (abs)        0000
start                    init         0000
start_initialization     cinit        07E1
wtemp0                   (abs)        007E


FUNCTION INFORMATION:

 *************** function _main *****************
 Defined at:
		line 23 in file "caracterNuevo.c"
 Parameters:    Size  Location     Type
		None
 Auto vars:     Size  Location     Type
  pattern8        8   60[BANK0 ] unsigned char [8]
  pattern7        8   52[BANK0 ] unsigned char [8]
  pattern6        8   44[BANK0 ] unsigned char [8]
  pattern5        8   36[BANK0 ] unsigned char [8]
  pattern4        8   28[BANK0 ] unsigned char [8]
  pattern3        8   20[BANK0 ] unsigned char [8]
  pattern2        8   12[BANK0 ] unsigned char [8]
  pattern1        8    4[BANK0 ] unsigned char [8]
 Return value:  Size  Location     Type
                  2   22[None  ] int 
 Registers used:
		wreg, fsr0l, fsr0h, status,2, status,0, pclath, cstack
 Tracked objects:
		On entry : 
		On exit  : 
		Unchanged: 
 Data sizes:     COMMON   BANK0   BANK1   BANK3   BANK2
      Params:         0       0       0       0       0
      Locals:         0      64       0       0       0
      Temps:          0       4       0       0       0
      Totals:         0      68       0       0       0
Total ram usage:       68 bytes
 Hardware stack levels required when called:    2
 This function calls:
		_comando
		_configurarLCD
		_crearCaracter
		_escribirDato
 This function is called by:
		Startup code after reset
 This function uses a non-reentrant model


 *************** function _crearCaracter *****************
 Defined at:
		line 176 in file "caracterNuevo.c"
 Parameters:    Size  Location     Type
  pattern         1    wreg     PTR unsigned char 
		 -> main@pattern8(8), main@pattern7(8), main@pattern6(8), main@pattern5(8), 
		 -> main@pattern4(8), main@pattern3(8), main@pattern2(8), main@pattern1(8), 
  address         1    7[COMMON] unsigned char 
 Auto vars:     Size  Location     Type
  pattern         1   10[COMMON] PTR unsigned char 
		 -> main@pattern8(8), main@pattern7(8), main@pattern6(8), main@pattern5(8), 
		 -> main@pattern4(8), main@pattern3(8), main@pattern2(8), main@pattern1(8), 
  i               1    9[COMMON] unsigned char 
 Return value:  Size  Location     Type
                  1    wreg      void 
 Registers used:
		wreg, fsr0l, fsr0h, status,2, status,0, pclath, cstack
 Tracked objects:
		On entry : 
		On exit  : 
		Unchanged: 
 Data sizes:     COMMON   BANK0   BANK1   BANK3   BANK2
      Params:         1       0       0       0       0
      Locals:         2       0       0       0       0
      Temps:          1       0       0       0       0
      Totals:         4       0       0       0       0
Total ram usage:        4 bytes
 Hardware stack levels used:    1
 Hardware stack levels required when called:    1
 This function calls:
		_comando
		_escribirDato
 This function is called by:
		_main
 This function uses a non-reentrant model


 *************** function _escribirDato *****************
 Defined at:
		line 214 in file "caracterNuevo.c"
 Parameters:    Size  Location     Type
  data            1    wreg     unsigned char 
 Auto vars:     Size  Location     Type
  data            1    4[COMMON] unsigned char 
  t               2    5[COMMON] int 
  estado          2    2[COMMON] int 
 Return value:  Size  Location     Type
                  1    wreg      void 
 Registers used:
		wreg, status,2, status,0
 Tracked objects:
		On entry : 
		On exit  : 
		Unchanged: 
 Data sizes:     COMMON   BANK0   BANK1   BANK3   BANK2
      Params:         0       0       0       0       0
      Locals:         5       0       0       0       0
      Temps:          2       0       0       0       0
      Totals:         7       0       0       0       0
Total ram usage:        7 bytes
 Hardware stack levels used:    1
 This function calls:
		Nothing
 This function is called by:
		_main
		_crearCaracter
 This function uses a non-reentrant model


 *************** function _comando *****************
 Defined at:
		line 186 in file "caracterNuevo.c"
 Parameters:    Size  Location     Type
  command         1    wreg     unsigned char 
 Auto vars:     Size  Location     Type
  command         1    4[COMMON] unsigned char 
  t               2    5[COMMON] int 
  estado          2    2[COMMON] int 
 Return value:  Size  Location     Type
                  1    wreg      void 
 Registers used:
		wreg, status,2, status,0
 Tracked objects:
		On entry : 
		On exit  : 
		Unchanged: 
 Data sizes:     COMMON   BANK0   BANK1   BANK3   BANK2
      Params:         0       0       0       0       0
      Locals:         5       0       0       0       0
      Temps:          2       0       0       0       0
      Totals:         7       0       0       0       0
Total ram usage:        7 bytes
 Hardware stack levels used:    1
 This function calls:
		Nothing
 This function is called by:
		_main
		_crearCaracter
 This function uses a non-reentrant model


 *************** function _configurarLCD *****************
 Defined at:
		line 153 in file "caracterNuevo.c"
 Parameters:    Size  Location     Type
		None
 Auto vars:     Size  Location     Type
  t               2    4[COMMON] int 
  estado          2    2[COMMON] int 
 Return value:  Size  Location     Type
                  1    wreg      void 
 Registers used:
		wreg, status,2, status,0
 Tracked objects:
		On entry : 
		On exit  : 
		Unchanged: 
 Data sizes:     COMMON   BANK0   BANK1   BANK3   BANK2
      Params:         0       0       0       0       0
      Locals:         4       0       0       0       0
      Temps:          2       0       0       0       0
      Totals:         6       0       0       0       0
Total ram usage:        6 bytes
 Hardware stack levels used:    1
 This function calls:
		Nothing
 This function is called by:
		_main
 This function uses a non-reentrant model



MODULE INFORMATION

Module		Function		Class		Link	Load	Size
caracterNuevo.c
		_configurarLCD 		CODE           	0526	0000	50
		_comando       		CODE           	05C1	0000	74
		_main          		CODE           	0654	0000	398
		_escribirDato  		CODE           	060A	0000	75
		_crearCaracter 		CODE           	0557	0000	51

caracterNuevo.c estimated size: 648

shared
		__initialization		CODE           	07E1	0000	28

shared estimated size: 28

