Microchip MPLAB XC8 Compiler V2.00 ()

Linker command line:

-W-3 --edf=/opt/microchip/xc8/v2.00/pic/dat/en_msgs.txt -cs \
  -h+dist/default/production/PantallaLCDPrueba.X.production.sym \
  --cmf=dist/default/production/PantallaLCDPrueba.X.production.cmf -z \
  -Q16F887 -o/tmp/xcXqk1R73 --defsym=__MPLAB_BUILD=1 \
  -Mdist/default/production/PantallaLCDPrueba.X.production.map -E1 -ver=XC8 \
  --acfsm=1493 -ASTACK=0110h-016fh -pstack=STACK -ACODE=00h-07FFhx4 \
  -ASTRCODE=00h-01FFFh -ASTRING=00h-0FFhx32 -ACONST=00h-0FFhx32 \
  -AENTRY=00h-0FFhx32 -ACOMMON=070h-07Fh -ABANK0=020h-06Fh \
  -ABANK1=0A0h-0EFh -ABANK2=0110h-016Fh -ABANK3=0190h-01EFh \
  -ARAM=020h-06Fh,0A0h-0EFh,0110h-016Fh,0190h-01EFh \
  -AABS1=020h-07Fh,0A0h-0EFh,0110h-016Fh,0190h-01EFh -ASFR0=00h-01Fh \
  -ASFR1=080h-09Fh -ASFR2=0100h-010Fh -ASFR3=0180h-018Fh \
  -preset_vec=00h,intentry,init,end_init -ppowerup=CODE -pcinit=CODE \
  -pfunctab=ENTRY -ACONFIG=02007h-02008h -pconfig=CONFIG -DCONFIG=2 \
  -AIDLOC=02000h-02003h -pidloc=IDLOC -DIDLOC=2 -AEEDATA=00h-0FFh/02100h \
  -peeprom_data=EEDATA -DEEDATA=2 -DCODE=2 -DSTRCODE=2 -DSTRING=2 -DCONST=2 \
  -DENTRY=2 -k /tmp/xcXz9lCaD.o \
  dist/default/production/PantallaLCDPrueba.X.production.o 

Object code version is 3.11

Machine type is 16F887



                Name                               Link     Load   Length Selector   Space Scale
/tmp/xcXz9lCaD.o
                end_init                              0        0        3        0       0
                config                             2007     2007        1     400E       0
dist/default/production/PantallaLCDPrueba.X.production.o
                cinit                               7EE      7EE       12      FDC       0
                text3                               674      674       48      CE8       0
                text2                               643      643       31      C86       0
                text1                               6BC      6BC       4B      D78       0
                maintext                            707      707       E7      E0E       0
                cstackBANK0                          20       20       27       20       1
                cstackCOMMON                         70       70        C       70       1
                inittext                            60B      60B       13      C16       0
                dataBANK0                            47       47       25       20       1
                idataBANK0                          61E      61E       25      C3C       0

TOTAL           Name                               Link     Load   Length     Space
        CLASS   STACK          

        CLASS   CODE           
                end_init                              0        0        3         0
                cinit                               7EE      7EE       12         0
                text3                               674      674       48         0
                text2                               643      643       31         0
                text1                               6BC      6BC       4B         0
                maintext                            707      707       E7         0
                inittext                            60B      60B       13         0
                idataBANK0                          61E      61E       25         0

        CLASS   STRCODE        

        CLASS   STRING         

        CLASS   CONST          

        CLASS   ENTRY          

        CLASS   COMMON         
                cstackCOMMON                         70       70        C         1

        CLASS   BANK0          
                cstackBANK0                          20       20       27         1
                dataBANK0                            47       47       25         1

        CLASS   BANK1          

        CLASS   BANK2          

        CLASS   BANK3          

        CLASS   RAM            

        CLASS   ABS1           
                abs_s1                               7E       7E        2         1

        CLASS   SFR0           

        CLASS   SFR1           

        CLASS   SFR2           

        CLASS   SFR3           

        CLASS   CONFIG         
                config                             2007     2007        1         0

        CLASS   IDLOC          

        CLASS   EEDATA         



SEGMENTS        Name                           Load    Length   Top    Selector   Space  Class     Delta

                reset_vec                      000000  000003  000003         0       0  CODE        2
                cstackBANK0                    000020  00004C  00006C        20       1  BANK0       1
                cstackCOMMON                   000070  00000C  00007C        70       1  COMMON      1
                inittext                       00060B  000013  00061E       C16       0  CODE        2
                idataBANK0                     00061E  000025  000643       C3C       0  CODE        2
                text2                          000643  000031  000674       C86       0  CODE        2
                text3                          000674  000048  0006BC       CE8       0  CODE        2
                text1                          0006BC  00004B  000707       D78       0  CODE        2
                maintext                       000707  0000E7  0007EE       E0E       0  CODE        2
                cinit                          0007EE  000012  000800       FDC       0  CODE        2
                config                         002007  000001  002008      400E       0  CONFIG      2


UNUSED ADDRESS RANGES

        Name                Unused          Largest block    Delta
        BANK0            006C-006F              4           1
        BANK1            00A0-00EF             50           1
        BANK2            0110-016F             60           1
        BANK3            0190-01EF             60           1
        CODE             0003-060A            608           2
                         0800-1FFF            800
        COMMON           007C-007D              2           1
        CONFIG           2008-2008              1           2
        CONST            0003-060A            100           2
                         0800-1FFF            100
        EEDATA           2100-21FF            100           2
        ENTRY            0003-060A            100           2
                         0800-1FFF            100
        IDLOC            2000-2003              4           2
        RAM              006C-006F              4           1
                         00A0-00EF             50
                         0110-016F             60
                         0190-01EF             60
        SFR0             0000-001F             20           1
        SFR1             0080-009F             20           1
        SFR2             0100-010F             10           1
        SFR3             0180-018F             10           1
        STACK            0110-016F             60           1
        STRCODE          0003-060A            608           2
                         0800-1FFF           1800
        STRING           0003-060A            100           2
                         0800-1FFF            100

                                  Symbol Table

_ANSEL                    (abs)        0188
_PORTD                    (abs)        0008
_PORTEbits                (abs)        0009
_TRISD                    (abs)        0088
_TRISE                    (abs)        0089
__CFG_FCMEN$OFF           (abs)        0000
__CFG_FOSC$INTRC_NOCLKOUT (abs)        0000
__CFG_IESO$OFF            (abs)        0000
__CFG_PWRTE$ON            (abs)        0000
__CFG_WDTE$OFF            (abs)        0000
__Habs1                   abs1         0000
__Hbank0                  bank0        0000
__Hbank1                  bank1        0000
__Hbank2                  bank2        0000
__Hbank3                  bank3        0000
__Hcinit                  cinit        0800
__Hclrtext                clrtext      0000
__Hcode                   code         0000
__Hcommon                 common       0000
__Hconfig                 config       2008
__HcstackBANK0            cstackBANK0  0000
__HcstackCOMMON           cstackCOMMON 0000
__HdataBANK0              dataBANK0    0000
__Heeprom_data            eeprom_data  0000
__Hend_init               end_init     0003
__Hfunctab                functab      0000
__HidataBANK0             idataBANK0   0000
__Hidloc                  idloc        0000
__Hinit                   init         0000
__Hinittext               inittext     0000
__Hintentry               intentry     0000
__Hmaintext               maintext     0000
__Hpowerup                powerup      0000
__Hram                    ram          0000
__Hreset_vec              reset_vec    0000
__Hsfr0                   sfr0         0000
__Hsfr1                   sfr1         0000
__Hsfr2                   sfr2         0000
__Hsfr3                   sfr3         0000
__Hspace_0                (abs)        2008
__Hspace_1                (abs)        007C
__Hspace_2                (abs)        0000
__Hspace_3                (abs)        0000
__Hstack                  stack        0000
__Hstrings                strings      0000
__Htext                   text         0000
__Labs1                   abs1         0000
__Lbank0                  bank0        0000
__Lbank1                  bank1        0000
__Lbank2                  bank2        0000
__Lbank3                  bank3        0000
__Lcinit                  cinit        07EE
__Lclrtext                clrtext      0000
__Lcode                   code         0000
__Lcommon                 common       0000
__Lconfig                 config       2007
__LcstackBANK0            cstackBANK0  0000
__LcstackCOMMON           cstackCOMMON 0000
__LdataBANK0              dataBANK0    0000
__Leeprom_data            eeprom_data  0000
__Lend_init               end_init     0000
__Lfunctab                functab      0000
__LidataBANK0             idataBANK0   0000
__Lidloc                  idloc        0000
__Linit                   init         0000
__Linittext               inittext     0000
__Lintentry               intentry     0000
__Lmaintext               maintext     0000
__Lpowerup                powerup      0000
__Lram                    ram          0000
__Lreset_vec              reset_vec    0000
__Lsfr0                   sfr0         0000
__Lsfr1                   sfr1         0000
__Lsfr2                   sfr2         0000
__Lsfr3                   sfr3         0000
__Lspace_0                (abs)        0000
__Lspace_1                (abs)        0000
__Lspace_2                (abs)        0000
__Lspace_3                (abs)        0000
__Lstack                  stack        0000
__Lstrings                strings      0000
__Ltext                   text         0000
__S0                      (abs)        2008
__S1                      (abs)        007C
__S2                      (abs)        0000
__S3                      (abs)        0000
___int_sp                 stack        0000
___latbits                (abs)        0002
___sp                     stack        0000
__end_of__initialization  cinit        07FC
__end_of_comando          text3        06BC
__end_of_confBusLCD       text2        0674
__end_of_dato             text1        0707
__end_of_main             maintext     07EE
__initialization          cinit        07EE
__pcstackBANK0            cstackBANK0  0020
__pcstackCOMMON           cstackCOMMON 0070
__pdataBANK0              dataBANK0    0047
__pidataBANK0             idataBANK0   061E
__pmaintext               maintext     0707
__ptext1                  text1        06BC
__ptext2                  text2        0643
__ptext3                  text3        0674
__size_of_comando         (abs)        0000
__size_of_confBusLCD      (abs)        0000
__size_of_dato            (abs)        0000
__size_of_main            (abs)        0000
_comando                  text3        0674
_confBusLCD               text2        0643
_dato                     text1        06BC
_main                     maintext     0707
btemp                     (abs)        007E
comando@com               cstackCOMMON 0070
comando@estado            cstackCOMMON 0074
comando@t                 cstackCOMMON 0076
confBusLCD@estado         cstackCOMMON 0072
confBusLCD@t              cstackCOMMON 0074
dato@dat                  cstackCOMMON 0070
dato@estado               cstackCOMMON 0074
dato@t                    cstackCOMMON 0076
end_of_initialization     cinit        07FC
init_fetch0               inittext     060B
init_ram0                 inittext     060F
intlevel0                 functab      0000
intlevel1                 functab      0000
intlevel2                 functab      0000
intlevel3                 functab      0000
intlevel4                 functab      0000
intlevel5                 functab      0000
main@F1329                dataBANK0    0058
main@F1331                dataBANK0    0047
main@F1333                dataBANK0    006A
main@F1335                dataBANK0    0068
main@estela               cstackBANK0  0043
main@n                    cstackBANK0  0045
main@r_dos                cstackBANK0  0020
main@r_uno                cstackBANK0  0031
main@vacio                cstackBANK0  0041
reset_vec                 reset_vec    0000
stackhi                   (abs)        0000
stacklo                   (abs)        0000
start                     init         0000
start_initialization      cinit        07EE
wtemp0                    (abs)        007E


FUNCTION INFORMATION:

 *************** function _main *****************
 Defined at:
		line 17 in file "pantallaLCDPrueba.c"
 Parameters:    Size  Location     Type
		None
 Auto vars:     Size  Location     Type
  r_dos          17    0[BANK0 ] unsigned char [17]
  r_uno          16   17[BANK0 ] unsigned char [16]
  n               2   37[BANK0 ] int 
  estela          2   35[BANK0 ] unsigned char [2]
  vacio           2   33[BANK0 ] unsigned char [2]
  m               2    0        int 
 Return value:  Size  Location     Type
                  2   20[None  ] int 
 Registers used:
		wreg, fsr0l, fsr0h, status,2, status,0, btemp+1, pclath, cstack
 Tracked objects:
		On entry : 
		On exit  : 
		Unchanged: 
 Data sizes:     COMMON   BANK0   BANK1   BANK3   BANK2
      Params:         0       0       0       0       0
      Locals:         0      39       0       0       0
      Temps:          4       0       0       0       0
      Totals:         4      39       0       0       0
Total ram usage:       43 bytes
 Hardware stack levels required when called:    1
 This function calls:
		_comando
		_confBusLCD
		_dato
 This function is called by:
		Startup code after reset
 This function uses a non-reentrant model


 *************** function _dato *****************
 Defined at:
		line 80 in file "pantallaLCDPrueba.c"
 Parameters:    Size  Location     Type
  dat             2    0[COMMON] unsigned int 
 Auto vars:     Size  Location     Type
  t               2    6[COMMON] int 
  estado          2    4[COMMON] int 
 Return value:  Size  Location     Type
                  1    wreg      void 
 Registers used:
		wreg, status,2, status,0
 Tracked objects:
		On entry : 
		On exit  : 
		Unchanged: 
 Data sizes:     COMMON   BANK0   BANK1   BANK3   BANK2
      Params:         2       0       0       0       0
      Locals:         4       0       0       0       0
      Temps:          2       0       0       0       0
      Totals:         8       0       0       0       0
Total ram usage:        8 bytes
 Hardware stack levels used:    1
 This function calls:
		Nothing
 This function is called by:
		_main
 This function uses a non-reentrant model


 *************** function _confBusLCD *****************
 Defined at:
		line 37 in file "pantallaLCDPrueba.c"
 Parameters:    Size  Location     Type
		None
 Auto vars:     Size  Location     Type
  t               2    4[COMMON] int 
  estado          2    2[COMMON] int 
 Return value:  Size  Location     Type
                  1    wreg      void 
 Registers used:
		wreg, status,2, status,0
 Tracked objects:
		On entry : 
		On exit  : 
		Unchanged: 
 Data sizes:     COMMON   BANK0   BANK1   BANK3   BANK2
      Params:         0       0       0       0       0
      Locals:         4       0       0       0       0
      Temps:          2       0       0       0       0
      Totals:         6       0       0       0       0
Total ram usage:        6 bytes
 Hardware stack levels used:    1
 This function calls:
		Nothing
 This function is called by:
		_main
 This function uses a non-reentrant model


 *************** function _comando *****************
 Defined at:
		line 56 in file "pantallaLCDPrueba.c"
 Parameters:    Size  Location     Type
  com             2    0[COMMON] unsigned int 
 Auto vars:     Size  Location     Type
  t               2    6[COMMON] int 
  estado          2    4[COMMON] int 
 Return value:  Size  Location     Type
                  1    wreg      void 
 Registers used:
		wreg, status,2, status,0
 Tracked objects:
		On entry : 
		On exit  : 
		Unchanged: 
 Data sizes:     COMMON   BANK0   BANK1   BANK3   BANK2
      Params:         2       0       0       0       0
      Locals:         4       0       0       0       0
      Temps:          2       0       0       0       0
      Totals:         8       0       0       0       0
Total ram usage:        8 bytes
 Hardware stack levels used:    1
 This function calls:
		Nothing
 This function is called by:
		_main
 This function uses a non-reentrant model



MODULE INFORMATION

Module		Function		Class		Link	Load	Size
shared
		__initialization		CODE           	07EE	0000	15

shared estimated size: 15

pantallaLCDPrueba.c
		_comando       		CODE           	0674	0000	73
		_main          		CODE           	0707	0000	232
		_confBusLCD    		CODE           	0643	0000	50
		_dato          		CODE           	06BC	0000	76

pantallaLCDPrueba.c estimated size: 431

