Microchip MPLAB XC8 Compiler V2.00 ()

Linker command line:

-W-3 --edf=/opt/microchip/xc8/v2.00/pic/dat/en_msgs.txt -cs \
  -h+dist/default/production/ADC.X.production.sym \
  --cmf=dist/default/production/ADC.X.production.cmf -z -Q16F887 \
  -o/tmp/xcX2U1StA --defsym=__MPLAB_BUILD=1 \
  -Mdist/default/production/ADC.X.production.map -E1 -ver=XC8 --acfsm=1493 \
  -ASTACK=0110h-016fh -pstack=STACK -ACODE=00h-07FFhx4 -ASTRCODE=00h-01FFFh \
  -ASTRING=00h-0FFhx32 -ACONST=00h-0FFhx32 -AENTRY=00h-0FFhx32 \
  -ACOMMON=070h-07Fh -ABANK0=020h-06Fh -ABANK1=0A0h-0EFh \
  -ABANK2=0110h-016Fh -ABANK3=0190h-01EFh \
  -ARAM=020h-06Fh,0A0h-0EFh,0110h-016Fh,0190h-01EFh \
  -AABS1=020h-07Fh,0A0h-0EFh,0110h-016Fh,0190h-01EFh -ASFR0=00h-01Fh \
  -ASFR1=080h-09Fh -ASFR2=0100h-010Fh -ASFR3=0180h-018Fh \
  -preset_vec=00h,intentry,init,end_init -ppowerup=CODE -pcinit=CODE \
  -pfunctab=ENTRY -ACONFIG=02007h-02008h -pconfig=CONFIG -DCONFIG=2 \
  -AIDLOC=02000h-02003h -pidloc=IDLOC -DIDLOC=2 -AEEDATA=00h-0FFh/02100h \
  -peeprom_data=EEDATA -DEEDATA=2 -DCODE=2 -DSTRCODE=2 -DSTRING=2 -DCONST=2 \
  -DENTRY=2 -k /tmp/xcXy4oGSM.o dist/default/production/ADC.X.production.o 

Object code version is 3.11

Machine type is 16F887



                Name                               Link     Load   Length Selector   Space Scale
/tmp/xcXy4oGSM.o
                end_init                              0        0        3        0       0
                config                             2007     2007        1     400E       0
dist/default/production/ADC.X.production.o
                cinit                               7FC      7FC        4      FF8       0
                text1_split_1                        AC       AC      750      158       0
                text25                             1B3B     1B3B       48     3676       0
                text24                             1AC9     1AC9       31     3592       0
                text23                             1BCE     1BCE       50     379C       0
                text22                             1E5C     1E5C       C3     3CB8       0
                text21                                3        3        D        0       0
                text20                             1544     1544      2BC     2A88       0
                text19                             1C1E     1C1E       51     383C       0
                text18                               10       10       9C       20       0
                text17                             1D2D     1D2D       6D     3A5A       0
                text16                             1C6F     1C6F       5B     38DE       0
                text15                             1A77     1A77       28     34EE       0
                text14                             1D9A     1D9A       C2     3B34       0
                text13                             1091     1091       F2     2122       0
                text12                             1F1F     1F1F       E1     3E3E       0
                text11                             1A9F     1A9F       2A     353E       0
                text10                              C8B      C8B      375     1916       0
                text9                              1B83     1B83       4B     3706       0
                text8                              1AFA     1AFA       41     35F4       0
                text7                              1331     1331      213     2662       0
                text6                              100A     100A       14     2014       0
                text5                               80D      80D        1     101A       0
                text4                              101E     101E       73     203C       0
                text3                              1CCA     1CCA       63     3994       0
                text2                               91C      91C      36F     1238       0
                text1                               80E      80E      10E     101C       0
                maintext                           1183     1183      1AE     2306       0
                cstackBANK0                          20       20       4E       20       1
                cstackCOMMON                         70       70        E       70       1
                cstackBANK1                          A0       A0       34       A0       1
                strings                            1800     1800       BD     3000       0

TOTAL           Name                               Link     Load   Length     Space
        CLASS   STACK          

        CLASS   CODE           
                end_init                              0        0        3         0
                cinit                               7FC      7FC        4         0
                text1_split_1                        AC       AC      750         0
                text25                             1B3B     1B3B       48         0
                text24                             1AC9     1AC9       31         0
                text23                             1BCE     1BCE       50         0
                text22                             1E5C     1E5C       C3         0
                text21                                3        3        D         0
                text20                             1544     1544      2BC         0
                text19                             1C1E     1C1E       51         0
                text18                               10       10       9C         0
                text17                             1D2D     1D2D       6D         0
                text16                             1C6F     1C6F       5B         0
                text15                             1A77     1A77       28         0
                text14                             1D9A     1D9A       C2         0
                text13                             1091     1091       F2         0
                text12                             1F1F     1F1F       E1         0
                text11                             1A9F     1A9F       2A         0
                text10                              C8B      C8B      375         0
                text9                              1B83     1B83       4B         0
                text8                              1AFA     1AFA       41         0
                text7                              1331     1331      213         0
                text6                              100A     100A       14         0
                text5                               80D      80D        1         0
                text4                              101E     101E       73         0
                text3                              1CCA     1CCA       63         0
                text2                               91C      91C      36F         0
                text1                               80E      80E      10E         0
                maintext                           1183     1183      1AE         0

        CLASS   STRCODE        

        CLASS   STRING         
                strings                            1800     1800       BD         0

        CLASS   CONST          

        CLASS   ENTRY          

        CLASS   COMMON         
                cstackCOMMON                         70       70        E         1

        CLASS   BANK0          
                cstackBANK0                          20       20       4E         1

        CLASS   BANK1          
                cstackBANK1                          A0       A0       34         1

        CLASS   BANK2          

        CLASS   BANK3          

        CLASS   RAM            

        CLASS   ABS1           
                abs_s1                               7E       7E        2         1

        CLASS   SFR0           

        CLASS   SFR1           

        CLASS   SFR2           

        CLASS   SFR3           

        CLASS   CONFIG         
                config                             2007     2007        1         0

        CLASS   IDLOC          

        CLASS   EEDATA         



SEGMENTS        Name                           Load    Length   Top    Selector   Space  Class     Delta

                reset_vec                      000000  000010  000010         0       0  CODE        2
                cstackBANK0                    000020  00004E  00006E        20       1  BANK0       1
                text18                         000010  00009C  0000AC        20       0  CODE        2
                cstackCOMMON                   000070  00000E  00007E        70       1  COMMON      1
                cstackBANK1                    0000A0  000034  0000D4        A0       1  BANK1       1
                text1_split_1                  0000AC  000750  0007FC       158       0  CODE        2
                cinit                          0007FC  000004  000800       FF8       0  CODE        2
                text5                          00080D  000001  00080E      101A       0  CODE        2
                text1                          00080E  00010E  00091C      101C       0  CODE        2
                text2                          00091C  00036F  000C8B      1238       0  CODE        2
                text10                         000C8B  000375  001000      1916       0  CODE        2
                text6                          00100A  000014  00101E      2014       0  CODE        2
                text4                          00101E  000073  001091      203C       0  CODE        2
                text13                         001091  0000F2  001183      2122       0  CODE        2
                maintext                       001183  0001AE  001331      2306       0  CODE        2
                text7                          001331  000213  001544      2662       0  CODE        2
                text20                         001544  0002BC  001800      2A88       0  CODE        2
                strings                        001800  0000BD  0018BD      3000       0  STRING      2
                text15                         001A77  000028  001A9F      34EE       0  CODE        2
                text11                         001A9F  00002A  001AC9      353E       0  CODE        2
                text24                         001AC9  000031  001AFA      3592       0  CODE        2
                text8                          001AFA  000041  001B3B      35F4       0  CODE        2
                text25                         001B3B  000048  001B83      3676       0  CODE        2
                text9                          001B83  00004B  001BCE      3706       0  CODE        2
                text23                         001BCE  000050  001C1E      379C       0  CODE        2
                text19                         001C1E  000051  001C6F      383C       0  CODE        2
                text16                         001C6F  00005B  001CCA      38DE       0  CODE        2
                text3                          001CCA  000063  001D2D      3994       0  CODE        2
                text17                         001D2D  00006D  001D9A      3A5A       0  CODE        2
                text14                         001D9A  0000C2  001E5C      3B34       0  CODE        2
                text22                         001E5C  0000C3  001F1F      3CB8       0  CODE        2
                text12                         001F1F  0000E1  002000      3E3E       0  CODE        2
                config                         002007  000001  002008      400E       0  CONFIG      2


UNUSED ADDRESS RANGES

        Name                Unused          Largest block    Delta
        BANK0            0006E-0006F               2           1
        BANK1            000D4-000EF              1C           1
        BANK2            00110-0016F              60           1
        BANK3            00190-001EF              60           1
        CODE             00800-0080C               D           2
                         01000-01009               A
                         018BD-01A76             1BA
        CONFIG           02008-02008               1           2
        CONST            00800-0080C               D           2
                         01000-01009               A
                         018BD-01A76             100
        EEDATA           02100-021FF             100           2
        ENTRY            00800-0080C               D           2
                         01000-01009               A
                         018BD-01A76             100
        IDLOC            02000-02003               4           2
        RAM              0006E-0006F               2           1
                         000D4-000EF              1C
                         00110-0016F              60
                         00190-001EF              60
        SFR0             00000-0001F              20           1
        SFR1             00080-0009F              20           1
        SFR2             00100-0010F              10           1
        SFR3             00180-0018F              10           1
        STACK            00110-0016F              60           1
        STRCODE          00800-0080C               D           2
                         01000-01009               A
                         018BD-01A76             1BA
        STRING           00800-0080C               D           2
                         01000-01009               A
                         018BD-01A76             100

                                  Symbol Table

?__Umul8_16              cstackCOMMON 00070
?___awdiv                cstackCOMMON 00077
?___awmod                cstackCOMMON 00070
?___fladd                cstackBANK0  00052
?___flmul                cstackBANK0  00024
?___flneg                cstackCOMMON 00070
?___flsub                cstackBANK1  000A0
?___fltol                cstackBANK0  00051
?___lldiv                cstackCOMMON 00070
?___llmod                cstackCOMMON 00070
?___lwdiv                cstackCOMMON 00076
?___lwmod                cstackCOMMON 00070
?___wmul                 cstackCOMMON 00070
?___xxtofl               cstackCOMMON 00070
?__div_to_l_             cstackCOMMON 00070
?__tdiv_to_l_            cstackCOMMON 00070
?_fround                 cstackBANK0  0003E
?_printf                 cstackBANK0  0006A
?_scale                  cstackBANK0  0003E
_ADCON0bits              (abs)        0001F
_ADCON1bits              (abs)        0009F
_ADRESH                  (abs)        0001E
_ADRESL                  (abs)        0009E
_ANSEL                   (abs)        00188
_PORTD                   (abs)        00008
_PORTEbits               (abs)        00009
_TRISAbits               (abs)        00085
_TRISD                   (abs)        00088
_TRISE                   (abs)        00089
__CFG_FCMEN$OFF          (abs)        00000
__CFG_FOSC$INTRC_CLKOUT  (abs)        00000
__CFG_IESO$OFF           (abs)        00000
__CFG_PWRTE$ON           (abs)        00000
__CFG_WDTE$OFF           (abs)        00000
__Habs1                  abs1         00000
__Hbank0                 bank0        00000
__Hbank1                 bank1        00000
__Hbank2                 bank2        00000
__Hbank3                 bank3        00000
__Hcinit                 cinit        00800
__Hclrtext               clrtext      00000
__Hcode                  code         00000
__Hcommon                common       00000
__Hconfig                config       02008
__HcstackBANK0           cstackBANK0  00000
__HcstackBANK1           cstackBANK1  00000
__HcstackCOMMON          cstackCOMMON 00000
__Heeprom_data           eeprom_data  00000
__Hend_init              end_init     00003
__Hfunctab               functab      00000
__Hidloc                 idloc        00000
__Hinit                  init         00000
__Hintentry              intentry     00000
__Hmaintext              maintext     00000
__Hpowerup               powerup      00000
__Hram                   ram          00000
__Hreset_vec             reset_vec    00000
__Hsfr0                  sfr0         00000
__Hsfr1                  sfr1         00000
__Hsfr2                  sfr2         00000
__Hsfr3                  sfr3         00000
__Hspace_0               (abs)        02008
__Hspace_1               (abs)        000D4
__Hspace_2               (abs)        00000
__Hspace_3               (abs)        00000
__Hstack                 stack        00000
__Hstrings               strings      00000
__Htext                  text         00000
__Labs1                  abs1         00000
__Lbank0                 bank0        00000
__Lbank1                 bank1        00000
__Lbank2                 bank2        00000
__Lbank3                 bank3        00000
__Lcinit                 cinit        007FC
__Lclrtext               clrtext      00000
__Lcode                  code         00000
__Lcommon                common       00000
__Lconfig                config       02007
__LcstackBANK0           cstackBANK0  00000
__LcstackBANK1           cstackBANK1  00000
__LcstackCOMMON          cstackCOMMON 00000
__Leeprom_data           eeprom_data  00000
__Lend_init              end_init     00000
__Lfunctab               functab      00000
__Lidloc                 idloc        00000
__Linit                  init         00000
__Lintentry              intentry     00000
__Lmaintext              maintext     00000
__Lpowerup               powerup      00000
__Lram                   ram          00000
__Lreset_vec             reset_vec    00000
__Lsfr0                  sfr0         00000
__Lsfr1                  sfr1         00000
__Lsfr2                  sfr2         00000
__Lsfr3                  sfr3         00000
__Lspace_0               (abs)        00000
__Lspace_1               (abs)        00000
__Lspace_2               (abs)        00000
__Lspace_3               (abs)        00000
__Lstack                 stack        00000
__Lstrings               strings      00000
__Ltext                  text         00000
__S0                     (abs)        02008
__S1                     (abs)        000D4
__S2                     (abs)        00000
__S3                     (abs)        00000
__Umul8_16               text11       01A9F
__Umul8_16@multiplicand  cstackCOMMON 00070
__Umul8_16@multiplier    cstackCOMMON 00078
__Umul8_16@product       cstackCOMMON 00074
__Umul8_16@word_mpld     cstackCOMMON 00076
___awdiv                 text4        0101E
___awdiv@counter         cstackBANK0  00020
___awdiv@dividend        cstackCOMMON 00079
___awdiv@divisor         cstackCOMMON 00077
___awdiv@quotient        cstackBANK0  00022
___awdiv@sign            cstackBANK0  00021
___awmod                 text3        01CCA
___awmod@counter         cstackCOMMON 00075
___awmod@dividend        cstackCOMMON 00072
___awmod@divisor         cstackCOMMON 00070
___awmod@sign            cstackCOMMON 00076
___fladd                 text20       01544
___fladd@a               cstackBANK0  00056
___fladd@aexp            cstackBANK0  00067
___fladd@b               cstackBANK0  00052
___fladd@bexp            cstackBANK0  00068
___fladd@grs             cstackBANK0  00069
___fladd@signs           cstackBANK0  00066
___fleq                  text23       01BCE
___fleq@ff1              cstackCOMMON 00070
___fleq@ff2              cstackCOMMON 00074
___flge                  text22       01E5C
___flge@ff1              cstackCOMMON 00070
___flge@ff2              cstackCOMMON 00074
___flmul                 text10       00C8B
___flmul@a               cstackBANK0  00028
___flmul@aexp            cstackBANK0  00036
___flmul@b               cstackBANK0  00024
___flmul@bexp            cstackBANK0  00037
___flmul@grs             cstackBANK0  00032
___flmul@prod            cstackBANK0  00038
___flmul@sign            cstackBANK0  00031
___flmul@temp            cstackBANK0  0003C
___flneg                 text21       00003
___flneg@f1              cstackCOMMON 00070
___flsub                 text19       01C1E
___flsub@a               cstackBANK1  000A0
___flsub@b               cstackBANK1  000A4
___fltol                 text18       00010
___fltol@exp1            cstackBANK0  0005B
___fltol@f1              cstackBANK0  00051
___fltol@sign1           cstackBANK0  0005A
___int_sp                stack        00000
___latbits               (abs)        00002
___lldiv                 text17       01D2D
___lldiv@counter         cstackCOMMON 0007D
___lldiv@dividend        cstackCOMMON 00074
___lldiv@divisor         cstackCOMMON 00070
___lldiv@quotient        cstackCOMMON 00079
___llmod                 text16       01C6F
___llmod@counter         cstackCOMMON 00079
___llmod@dividend        cstackCOMMON 00074
___llmod@divisor         cstackCOMMON 00070
___lwdiv                 text9        01B83
___lwdiv@counter         cstackCOMMON 0007D
___lwdiv@dividend        cstackCOMMON 00078
___lwdiv@divisor         cstackCOMMON 00076
___lwdiv@quotient        cstackCOMMON 0007B
___lwmod                 text8        01AFA
___lwmod@counter         cstackCOMMON 00075
___lwmod@dividend        cstackCOMMON 00072
___lwmod@divisor         cstackCOMMON 00070
___sp                    stack        00000
___wmul                  text15       01A77
___wmul@multiplicand     cstackCOMMON 00072
___wmul@multiplier       cstackCOMMON 00070
___wmul@product          cstackCOMMON 00074
___xxtofl                text14       01D9A
___xxtofl@arg            cstackCOMMON 0007A
___xxtofl@exp            cstackCOMMON 00079
___xxtofl@sign           cstackCOMMON 00078
___xxtofl@val            cstackCOMMON 00070
__div_to_l_              text13       01091
__div_to_l_@cntr         cstackBANK0  00024
__div_to_l_@exp1         cstackBANK0  00025
__div_to_l_@f1           cstackCOMMON 00070
__div_to_l_@f2           cstackCOMMON 00074
__div_to_l_@quot         cstackBANK0  00020
__end_of__Umul8_16       text11       01AC9
__end_of___awdiv         text4        01091
__end_of___awmod         text3        01D2D
__end_of___fladd         text20       01800
__end_of___fleq          text23       01C1E
__end_of___flge          text22       01F1F
__end_of___flmul         text10       01000
__end_of___flneg         text21       00010
__end_of___flsub         text19       01C6F
__end_of___fltol         text18       000AC
__end_of___lldiv         text17       01D9A
__end_of___llmod         text16       01CCA
__end_of___lwdiv         text9        01BCE
__end_of___lwmod         text8        01B3B
__end_of___wmul          text15       01A9F
__end_of___xxtofl        text14       01E5C
__end_of__div_to_l_      text13       01183
__end_of__initialization cinit        007FC
__end_of__npowers_       strings      01878
__end_of__powers_        strings      01844
__end_of__stringtab      strings      01810
__end_of__tdiv_to_l_     text12       02000
__end_of_comando         text25       01B83
__end_of_confBusLCD      text24       01AFA
__end_of_dpowers         strings      018A0
__end_of_fround          text7        01544
__end_of_isdigit         text6        0101E
__end_of_main            maintext     01331
__end_of_printf          text1_split_1 007F9
__end_of_putch           text5        0080E
__end_of_scale           text2        00C8B
__initialization         cinit        007FC
__npowers_               strings      01844
__pcstackBANK0           cstackBANK0  00020
__pcstackBANK1           cstackBANK1  000A0
__pcstackCOMMON          cstackCOMMON 00070
__pmaintext              maintext     01183
__powers_                strings      01810
__pstrings               strings      01800
__ptext1                 text1        0080E
__ptext10                text10       00C8B
__ptext11                text11       01A9F
__ptext12                text12       01F1F
__ptext13                text13       01091
__ptext14                text14       01D9A
__ptext15                text15       01A77
__ptext16                text16       01C6F
__ptext17                text17       01D2D
__ptext18                text18       00010
__ptext19                text19       01C1E
__ptext2                 text2        0091C
__ptext20                text20       01544
__ptext21                text21       00003
__ptext22                text22       01E5C
__ptext23                text23       01BCE
__ptext24                text24       01AC9
__ptext25                text25       01B3B
__ptext3                 text3        01CCA
__ptext4                 text4        0101E
__ptext5                 text5        0080D
__ptext6                 text6        0100A
__ptext7                 text7        01331
__ptext8                 text8        01AFA
__ptext9                 text9        01B83
__size_of__Umul8_16      (abs)        00000
__size_of___awdiv        (abs)        00000
__size_of___awmod        (abs)        00000
__size_of___fladd        (abs)        00000
__size_of___fleq         (abs)        00000
__size_of___flge         (abs)        00000
__size_of___flmul        (abs)        00000
__size_of___flneg        (abs)        00000
__size_of___flsub        (abs)        00000
__size_of___fltol        (abs)        00000
__size_of___lldiv        (abs)        00000
__size_of___llmod        (abs)        00000
__size_of___lwdiv        (abs)        00000
__size_of___lwmod        (abs)        00000
__size_of___wmul         (abs)        00000
__size_of___xxtofl       (abs)        00000
__size_of__div_to_l_     (abs)        00000
__size_of__tdiv_to_l_    (abs)        00000
__size_of_comando        (abs)        00000
__size_of_confBusLCD     (abs)        00000
__size_of_fround         (abs)        00000
__size_of_isdigit        (abs)        00000
__size_of_main           (abs)        00000
__size_of_printf         (abs)        00000
__size_of_putch          (abs)        00000
__size_of_scale          (abs)        00000
__stringbase             strings      0180F
__stringtab              strings      01800
__tdiv_to_l_             text12       01F1F
__tdiv_to_l_@cntr        cstackBANK0  00024
__tdiv_to_l_@exp1        cstackBANK0  00025
__tdiv_to_l_@f1          cstackCOMMON 00070
__tdiv_to_l_@f2          cstackCOMMON 00074
__tdiv_to_l_@quot        cstackBANK0  00020
_comando                 text25       01B3B
_confBusLCD              text24       01AC9
_dpowers                 strings      01878
_fround                  text7        01331
_fround$876              cstackBANK0  0004D
_fround$877              cstackBANK0  00049
_isdigit                 text6        0100A
_isdigit$703             cstackCOMMON 00070
_main                    maintext     01183
_printf                  text1        0080E
_printf$879              cstackBANK1  000AD
_putch                   text5        0080D
_scale                   text2        0091C
_scale$878               cstackBANK0  0004C
btemp                    (abs)        0007E
comando@com              cstackCOMMON 00070
comando@estado           cstackCOMMON 00074
comando@t                cstackCOMMON 00076
confBusLCD@estado        cstackCOMMON 00072
confBusLCD@t             cstackCOMMON 00074
end_of_initialization    cinit        007FC
fround@prec              cstackBANK0  00051
intlevel0                functab      00000
intlevel1                functab      00000
intlevel2                functab      00000
intlevel3                functab      00000
intlevel4                functab      00000
intlevel5                functab      00000
isdigit@c                cstackCOMMON 00071
main@temp                cstackBANK1  000D0
pnum$text1               (abs)        00008
pnum$text1_split_1       (abs)        00021
printf@ap                cstackBANK1  000B1
printf@c                 cstackBANK1  000CB
printf@cp                cstackBANK1  000B2
printf@eexp              cstackBANK1  000C1
printf@f                 cstackBANK1  000BC
printf@flag              cstackBANK1  000BA
printf@fval              cstackBANK1  000C5
printf@len               cstackBANK1  000B4
printf@prec              cstackBANK1  000C9
printf@tmpval            cstackBANK1  000BD
printf@val               cstackBANK1  000B6
printf@width             cstackBANK1  000C3
psplit$0                 (abs)        80021
reset_vec                reset_vec    00000
scale@scl                cstackBANK0  00050
stackhi                  (abs)        00000
stacklo                  (abs)        00000
start                    init         00000
start_initialization     cinit        007FC
wtemp0                   (abs)        0007E


FUNCTION INFORMATION:

 *************** function _main *****************
 Defined at:
		line 24 in file "adc.c"
 Parameters:    Size  Location     Type
		None
 Auto vars:     Size  Location     Type
  temp            4   48[BANK1 ] float 
  lsb             1    0        unsigned char 
  msb             1    0        unsigned char 
 Return value:  Size  Location     Type
                  1    wreg      void 
 Registers used:
		wreg, fsr0l, fsr0h, status,2, status,0, btemp+1, pclath, cstack
 Tracked objects:
		On entry : 
		On exit  : 
		Unchanged: 
 Data sizes:     COMMON   BANK0   BANK1   BANK3   BANK2
      Params:         0       0       0       0       0
      Locals:         0       0       4       0       0
      Temps:          0       0       4       0       0
      Totals:         0       0       8       0       0
Total ram usage:        8 bytes
 Hardware stack levels required when called:    4
 This function calls:
		___fladd
		___flmul
		___xxtofl
		_comando
		_confBusLCD
		_printf
 This function is called by:
		Startup code after reset
 This function uses a non-reentrant model


 *************** function _printf *****************
 Defined at:
		line 472 in file "/opt/microchip/xc8/v2.00/pic/sources/c90/common/doprnt.c"
 Parameters:    Size  Location     Type
  f               1    wreg     PTR const unsigned char 
		 -> STR_4(6), STR_3(6), STR_1(3), 
 Auto vars:     Size  Location     Type
  f               1   28[BANK1 ] PTR const unsigned char 
		 -> STR_4(6), STR_3(6), STR_1(3), 
  fval            4   37[BANK1 ] PTR const unsigned char 
  tmpval          4   29[BANK1 ] struct .
  val             4   22[BANK1 ] unsigned long 
  prec            2   41[BANK1 ] int 
  width           2   35[BANK1 ] int 
  eexp            2   33[BANK1 ] int 
  flag            2   26[BANK1 ] unsigned short 
  len             2   20[BANK1 ] unsigned int 
  cp              2   18[BANK1 ] PTR const unsigned char 
		 -> STR_5(7), ?_printf(2), STR_2(13), 
  c               1   43[BANK1 ] unsigned char 
  ap              1   17[BANK1 ] PTR void [1]
		 -> ?_printf(2), 
  d               1    0        unsigned char 
 Return value:  Size  Location     Type
                  2   74[BANK0 ] int 
 Registers used:
		wreg, fsr0l, fsr0h, status,2, status,0, btemp+1, pclath, cstack
 Tracked objects:
		On entry : 
		On exit  : 
		Unchanged: 
 Data sizes:     COMMON   BANK0   BANK1   BANK3   BANK2
      Params:         0       4       0       0       0
      Locals:         0       0      31       0       0
      Temps:          0       0       5       0       0
      Totals:         0       4      36       0       0
Total ram usage:       40 bytes
 Hardware stack levels used:    1
 Hardware stack levels required when called:    3
 This function calls:
		___awdiv
		___fladd
		___fleq
		___flge
		___flmul
		___flneg
		___flsub
		___fltol
		___lldiv
		___llmod
		___wmul
		___xxtofl
		__div_to_l_
		__tdiv_to_l_
		_fround
		_isdigit
		_putch
		_scale
 This function is called by:
		_main
 This function uses a non-reentrant model


 *************** function _scale *****************
 Defined at:
		line 433 in file "/opt/microchip/xc8/v2.00/pic/sources/c90/common/doprnt.c"
 Parameters:    Size  Location     Type
  scl             1    wreg     char 
 Auto vars:     Size  Location     Type
  scl             1   48[BANK0 ] char 
 Return value:  Size  Location     Type
                  4   30[BANK0 ] char 
 Registers used:
		wreg, fsr0l, fsr0h, status,2, status,0, btemp+1, pclath, cstack
 Tracked objects:
		On entry : 
		On exit  : 
		Unchanged: 
 Data sizes:     COMMON   BANK0   BANK1   BANK3   BANK2
      Params:         0       4       0       0       0
      Locals:         0       5       0       0       0
      Temps:          0      10       0       0       0
      Totals:         0      19       0       0       0
Total ram usage:       19 bytes
 Hardware stack levels used:    1
 Hardware stack levels required when called:    2
 This function calls:
		___awdiv
		___awmod
		___flmul
 This function is called by:
		_printf
 This function uses a non-reentrant model


 *************** function ___awmod *****************
 Defined at:
		line 5 in file "/opt/microchip/xc8/v2.00/pic/sources/c90/common/awmod.c"
 Parameters:    Size  Location     Type
  divisor         2    0[COMMON] int 
  dividend        2    2[COMMON] int 
 Auto vars:     Size  Location     Type
  sign            1    6[COMMON] unsigned char 
  counter         1    5[COMMON] unsigned char 
 Return value:  Size  Location     Type
                  2    0[COMMON] int 
 Registers used:
		wreg, status,2, status,0
 Tracked objects:
		On entry : 
		On exit  : 
		Unchanged: 
 Data sizes:     COMMON   BANK0   BANK1   BANK3   BANK2
      Params:         4       0       0       0       0
      Locals:         2       0       0       0       0
      Temps:          1       0       0       0       0
      Totals:         7       0       0       0       0
Total ram usage:        7 bytes
 Hardware stack levels used:    1
 This function calls:
		Nothing
 This function is called by:
		_scale
 This function uses a non-reentrant model


 *************** function ___awdiv *****************
 Defined at:
		line 5 in file "/opt/microchip/xc8/v2.00/pic/sources/c90/common/awdiv.c"
 Parameters:    Size  Location     Type
  divisor         2    7[COMMON] int 
  dividend        2    9[COMMON] int 
 Auto vars:     Size  Location     Type
  quotient        2    2[BANK0 ] int 
  sign            1    1[BANK0 ] unsigned char 
  counter         1    0[BANK0 ] unsigned char 
 Return value:  Size  Location     Type
                  2    7[COMMON] int 
 Registers used:
		wreg, status,2, status,0
 Tracked objects:
		On entry : 
		On exit  : 
		Unchanged: 
 Data sizes:     COMMON   BANK0   BANK1   BANK3   BANK2
      Params:         4       0       0       0       0
      Locals:         0       4       0       0       0
      Temps:          1       0       0       0       0
      Totals:         5       4       0       0       0
Total ram usage:        9 bytes
 Hardware stack levels used:    1
 This function calls:
		Nothing
 This function is called by:
		_scale
		_printf
 This function uses a non-reentrant model


 *************** function _putch *****************
 Defined at:
		line 7 in file "/opt/microchip/xc8/v2.00/pic/sources/c90/common/putch.c"
 Parameters:    Size  Location     Type
  c               1    wreg     unsigned char 
 Auto vars:     Size  Location     Type
  c               1    0[COMMON] unsigned char 
 Return value:  Size  Location     Type
                  1    wreg      void 
 Registers used:
		wreg
 Tracked objects:
		On entry : 
		On exit  : 
		Unchanged: 
 Data sizes:     COMMON   BANK0   BANK1   BANK3   BANK2
      Params:         0       0       0       0       0
      Locals:         0       0       0       0       0
      Temps:          0       0       0       0       0
      Totals:         0       0       0       0       0
Total ram usage:        0 bytes
 Hardware stack levels used:    1
 This function calls:
		Nothing
 This function is called by:
		_printf
 This function uses a non-reentrant model


 *************** function _isdigit *****************
 Defined at:
		line 8 in file "/opt/microchip/xc8/v2.00/pic/sources/c90/common/isdigit.c"
 Parameters:    Size  Location     Type
  c               1    wreg     unsigned char 
 Auto vars:     Size  Location     Type
  c               1    1[COMMON] unsigned char 
 Return value:  Size  Location     Type
		None               void
 Registers used:
		wreg, status,2, status,0
 Tracked objects:
		On entry : 
		On exit  : 
		Unchanged: 
 Data sizes:     COMMON   BANK0   BANK1   BANK3   BANK2
      Params:         0       0       0       0       0
      Locals:         2       0       0       0       0
      Temps:          0       0       0       0       0
      Totals:         2       0       0       0       0
Total ram usage:        2 bytes
 Hardware stack levels used:    1
 This function calls:
		Nothing
 This function is called by:
		_printf
 This function uses a non-reentrant model


 *************** function _fround *****************
 Defined at:
		line 417 in file "/opt/microchip/xc8/v2.00/pic/sources/c90/common/doprnt.c"
 Parameters:    Size  Location     Type
  prec            1    wreg     unsigned char 
 Auto vars:     Size  Location     Type
  prec            1   49[BANK0 ] unsigned char 
 Return value:  Size  Location     Type
                  4   30[BANK0 ] unsigned char 
 Registers used:
		wreg, fsr0l, fsr0h, status,2, status,0, btemp+1, pclath, cstack
 Tracked objects:
		On entry : 
		On exit  : 
		Unchanged: 
 Data sizes:     COMMON   BANK0   BANK1   BANK3   BANK2
      Params:         0       4       0       0       0
      Locals:         0       9       0       0       0
      Temps:          0       7       0       0       0
      Totals:         0      20       0       0       0
Total ram usage:       20 bytes
 Hardware stack levels used:    1
 Hardware stack levels required when called:    2
 This function calls:
		___flmul
		___lwdiv
		___lwmod
 This function is called by:
		_printf
 This function uses a non-reentrant model


 *************** function ___lwmod *****************
 Defined at:
		line 5 in file "/opt/microchip/xc8/v2.00/pic/sources/c90/common/lwmod.c"
 Parameters:    Size  Location     Type
  divisor         2    0[COMMON] unsigned int 
  dividend        2    2[COMMON] unsigned int 
 Auto vars:     Size  Location     Type
  counter         1    5[COMMON] unsigned char 
 Return value:  Size  Location     Type
                  2    0[COMMON] unsigned int 
 Registers used:
		wreg, status,2, status,0
 Tracked objects:
		On entry : 
		On exit  : 
		Unchanged: 
 Data sizes:     COMMON   BANK0   BANK1   BANK3   BANK2
      Params:         4       0       0       0       0
      Locals:         1       0       0       0       0
      Temps:          1       0       0       0       0
      Totals:         6       0       0       0       0
Total ram usage:        6 bytes
 Hardware stack levels used:    1
 This function calls:
		Nothing
 This function is called by:
		_fround
 This function uses a non-reentrant model


 *************** function ___lwdiv *****************
 Defined at:
		line 5 in file "/opt/microchip/xc8/v2.00/pic/sources/c90/common/lwdiv.c"
 Parameters:    Size  Location     Type
  divisor         2    6[COMMON] unsigned int 
  dividend        2    8[COMMON] unsigned int 
 Auto vars:     Size  Location     Type
  quotient        2   11[COMMON] unsigned int 
  counter         1   13[COMMON] unsigned char 
 Return value:  Size  Location     Type
                  2    6[COMMON] unsigned int 
 Registers used:
		wreg, status,2, status,0
 Tracked objects:
		On entry : 
		On exit  : 
		Unchanged: 
 Data sizes:     COMMON   BANK0   BANK1   BANK3   BANK2
      Params:         4       0       0       0       0
      Locals:         3       0       0       0       0
      Temps:          1       0       0       0       0
      Totals:         8       0       0       0       0
Total ram usage:        8 bytes
 Hardware stack levels used:    1
 This function calls:
		Nothing
 This function is called by:
		_fround
 This function uses a non-reentrant model


 *************** function ___flmul *****************
 Defined at:
		line 8 in file "/opt/microchip/xc8/v2.00/pic/sources/c90/common/sprcmul.c"
 Parameters:    Size  Location     Type
  b               4    4[BANK0 ] unsigned int 
  a               4    8[BANK0 ] unsigned int 
 Auto vars:     Size  Location     Type
  prod            4   24[BANK0 ] struct .
  grs             4   18[BANK0 ] unsigned long 
  temp            2   28[BANK0 ] struct .
  bexp            1   23[BANK0 ] unsigned char 
  aexp            1   22[BANK0 ] unsigned char 
  sign            1   17[BANK0 ] unsigned char 
 Return value:  Size  Location     Type
                  4    4[BANK0 ] unsigned char 
 Registers used:
		wreg, status,2, status,0, btemp+1, pclath, cstack
 Tracked objects:
		On entry : 
		On exit  : 
		Unchanged: 
 Data sizes:     COMMON   BANK0   BANK1   BANK3   BANK2
      Params:         0       8       0       0       0
      Locals:         0      13       0       0       0
      Temps:          0       5       0       0       0
      Totals:         0      26       0       0       0
Total ram usage:       26 bytes
 Hardware stack levels used:    1
 Hardware stack levels required when called:    1
 This function calls:
		__Umul8_16
 This function is called by:
		_main
		_fround
		_scale
		_printf
 This function uses a non-reentrant model


 *************** function __Umul8_16 *****************
 Defined at:
		line 4 in file "/opt/microchip/xc8/v2.00/pic/sources/c90/common/Umul8_16.c"
 Parameters:    Size  Location     Type
  multiplier      1    wreg     unsigned char 
  multiplicand    1    0[COMMON] unsigned char 
 Auto vars:     Size  Location     Type
  multiplier      1    8[COMMON] unsigned char 
  word_mpld       2    6[COMMON] unsigned int 
  product         2    4[COMMON] unsigned int 
 Return value:  Size  Location     Type
                  2    0[COMMON] unsigned int 
 Registers used:
		wreg, status,2, status,0
 Tracked objects:
		On entry : 
		On exit  : 
		Unchanged: 
 Data sizes:     COMMON   BANK0   BANK1   BANK3   BANK2
      Params:         2       0       0       0       0
      Locals:         5       0       0       0       0
      Temps:          2       0       0       0       0
      Totals:         9       0       0       0       0
Total ram usage:        9 bytes
 Hardware stack levels used:    1
 This function calls:
		Nothing
 This function is called by:
		___flmul
 This function uses a non-reentrant model


 *************** function __tdiv_to_l_ *****************
 Defined at:
		line 60 in file "/opt/microchip/xc8/v2.00/pic/sources/c90/common/ftdivl.c"
 Parameters:    Size  Location     Type
  f1              4    0[COMMON] float 
  f2              4    4[COMMON] float 
 Auto vars:     Size  Location     Type
  quot            4    0[BANK0 ] unsigned long 
  exp1            1    5[BANK0 ] unsigned char 
  cntr            1    4[BANK0 ] unsigned char 
 Return value:  Size  Location     Type
                  4    0[COMMON] unsigned long 
 Registers used:
		wreg, status,2, status,0
 Tracked objects:
		On entry : 
		On exit  : 
		Unchanged: 
 Data sizes:     COMMON   BANK0   BANK1   BANK3   BANK2
      Params:         8       0       0       0       0
      Locals:         0       6       0       0       0
      Temps:          4       0       0       0       0
      Totals:        12       6       0       0       0
Total ram usage:       18 bytes
 Hardware stack levels used:    1
 This function calls:
		Nothing
 This function is called by:
		_printf
 This function uses a non-reentrant model


 *************** function __div_to_l_ *****************
 Defined at:
		line 60 in file "/opt/microchip/xc8/v2.00/pic/sources/c90/common/fldivl.c"
 Parameters:    Size  Location     Type
  f1              4    0[COMMON] unsigned long 
  f2              4    4[COMMON] unsigned long 
 Auto vars:     Size  Location     Type
  quot            4    0[BANK0 ] unsigned long 
  exp1            1    5[BANK0 ] unsigned char 
  cntr            1    4[BANK0 ] unsigned char 
 Return value:  Size  Location     Type
                  4    0[COMMON] unsigned long 
 Registers used:
		wreg, status,2, status,0
 Tracked objects:
		On entry : 
		On exit  : 
		Unchanged: 
 Data sizes:     COMMON   BANK0   BANK1   BANK3   BANK2
      Params:         8       0       0       0       0
      Locals:         0       6       0       0       0
      Temps:          5       0       0       0       0
      Totals:        13       6       0       0       0
Total ram usage:       19 bytes
 Hardware stack levels used:    1
 This function calls:
		Nothing
 This function is called by:
		_printf
 This function uses a non-reentrant model


 *************** function ___xxtofl *****************
 Defined at:
		line 10 in file "/opt/microchip/xc8/v2.00/pic/sources/c90/common/xxtofl.c"
 Parameters:    Size  Location     Type
  sign            1    wreg     unsigned char 
  val             4    0[COMMON] long 
 Auto vars:     Size  Location     Type
  sign            1    8[COMMON] unsigned char 
  arg             4   10[COMMON] unsigned long 
  exp             1    9[COMMON] unsigned char 
 Return value:  Size  Location     Type
                  4    0[COMMON] unsigned char 
 Registers used:
		wreg, status,2, status,0
 Tracked objects:
		On entry : 
		On exit  : 
		Unchanged: 
 Data sizes:     COMMON   BANK0   BANK1   BANK3   BANK2
      Params:         4       0       0       0       0
      Locals:         6       0       0       0       0
      Temps:          4       0       0       0       0
      Totals:        14       0       0       0       0
Total ram usage:       14 bytes
 Hardware stack levels used:    1
 This function calls:
		Nothing
 This function is called by:
		_main
		_printf
 This function uses a non-reentrant model


 *************** function ___wmul *****************
 Defined at:
		line 15 in file "/opt/microchip/xc8/v2.00/pic/sources/c90/common/Umul16.c"
 Parameters:    Size  Location     Type
  multiplier      2    0[COMMON] unsigned int 
  multiplicand    2    2[COMMON] unsigned int 
 Auto vars:     Size  Location     Type
  product         2    4[COMMON] unsigned int 
 Return value:  Size  Location     Type
                  2    0[COMMON] unsigned int 
 Registers used:
		wreg, status,2, status,0
 Tracked objects:
		On entry : 
		On exit  : 
		Unchanged: 
 Data sizes:     COMMON   BANK0   BANK1   BANK3   BANK2
      Params:         4       0       0       0       0
      Locals:         2       0       0       0       0
      Temps:          0       0       0       0       0
      Totals:         6       0       0       0       0
Total ram usage:        6 bytes
 Hardware stack levels used:    1
 This function calls:
		Nothing
 This function is called by:
		_printf
 This function uses a non-reentrant model


 *************** function ___llmod *****************
 Defined at:
		line 5 in file "/opt/microchip/xc8/v2.00/pic/sources/c90/common/llmod.c"
 Parameters:    Size  Location     Type
  divisor         4    0[COMMON] unsigned long 
  dividend        4    4[COMMON] unsigned long 
 Auto vars:     Size  Location     Type
  counter         1    9[COMMON] unsigned char 
 Return value:  Size  Location     Type
                  4    0[COMMON] unsigned long 
 Registers used:
		wreg, status,2, status,0
 Tracked objects:
		On entry : 
		On exit  : 
		Unchanged: 
 Data sizes:     COMMON   BANK0   BANK1   BANK3   BANK2
      Params:         8       0       0       0       0
      Locals:         1       0       0       0       0
      Temps:          1       0       0       0       0
      Totals:        10       0       0       0       0
Total ram usage:       10 bytes
 Hardware stack levels used:    1
 This function calls:
		Nothing
 This function is called by:
		_printf
 This function uses a non-reentrant model


 *************** function ___lldiv *****************
 Defined at:
		line 5 in file "/opt/microchip/xc8/v2.00/pic/sources/c90/common/__lldiv.c"
 Parameters:    Size  Location     Type
  divisor         4    0[COMMON] unsigned long 
  dividend        4    4[COMMON] unsigned long 
 Auto vars:     Size  Location     Type
  quotient        4    9[COMMON] unsigned long 
  counter         1   13[COMMON] unsigned char 
 Return value:  Size  Location     Type
                  4    0[COMMON] unsigned long 
 Registers used:
		wreg, status,2, status,0
 Tracked objects:
		On entry : 
		On exit  : 
		Unchanged: 
 Data sizes:     COMMON   BANK0   BANK1   BANK3   BANK2
      Params:         8       0       0       0       0
      Locals:         5       0       0       0       0
      Temps:          1       0       0       0       0
      Totals:        14       0       0       0       0
Total ram usage:       14 bytes
 Hardware stack levels used:    1
 This function calls:
		Nothing
 This function is called by:
		_printf
 This function uses a non-reentrant model


 *************** function ___fltol *****************
 Defined at:
		line 43 in file "/opt/microchip/xc8/v2.00/pic/sources/c90/common/fltol.c"
 Parameters:    Size  Location     Type
  f1              4   49[BANK0 ] unsigned long 
 Auto vars:     Size  Location     Type
  exp1            1   59[BANK0 ] unsigned char 
  sign1           1   58[BANK0 ] unsigned char 
 Return value:  Size  Location     Type
                  4   49[BANK0 ] long 
 Registers used:
		wreg, status,2, status,0
 Tracked objects:
		On entry : 
		On exit  : 
		Unchanged: 
 Data sizes:     COMMON   BANK0   BANK1   BANK3   BANK2
      Params:         0       4       0       0       0
      Locals:         0       2       0       0       0
      Temps:          0       5       0       0       0
      Totals:         0      11       0       0       0
Total ram usage:       11 bytes
 Hardware stack levels used:    1
 This function calls:
		Nothing
 This function is called by:
		_printf
 This function uses a non-reentrant model


 *************** function ___flsub *****************
 Defined at:
		line 242 in file "/opt/microchip/xc8/v2.00/pic/sources/c90/common/sprcadd.c"
 Parameters:    Size  Location     Type
  a               4    0[BANK1 ] long 
  b               4    4[BANK1 ] long 
 Auto vars:     Size  Location     Type
		None
 Return value:  Size  Location     Type
                  4    0[BANK1 ] long 
 Registers used:
		wreg, status,2, status,0, btemp+1, pclath, cstack
 Tracked objects:
		On entry : 
		On exit  : 
		Unchanged: 
 Data sizes:     COMMON   BANK0   BANK1   BANK3   BANK2
      Params:         0       0       8       0       0
      Locals:         0       0       0       0       0
      Temps:          0       0       0       0       0
      Totals:         0       0       8       0       0
Total ram usage:        8 bytes
 Hardware stack levels used:    1
 Hardware stack levels required when called:    1
 This function calls:
		___fladd
 This function is called by:
		_printf
 This function uses a non-reentrant model


 *************** function ___fladd *****************
 Defined at:
		line 10 in file "/opt/microchip/xc8/v2.00/pic/sources/c90/common/sprcadd.c"
 Parameters:    Size  Location     Type
  b               4   50[BANK0 ] long 
  a               4   54[BANK0 ] long 
 Auto vars:     Size  Location     Type
  grs             1   73[BANK0 ] unsigned char 
  bexp            1   72[BANK0 ] unsigned char 
  aexp            1   71[BANK0 ] unsigned char 
  signs           1   70[BANK0 ] unsigned char 
 Return value:  Size  Location     Type
                  4   50[BANK0 ] unsigned char 
 Registers used:
		wreg, status,2, status,0, btemp+1
 Tracked objects:
		On entry : 
		On exit  : 
		Unchanged: 
 Data sizes:     COMMON   BANK0   BANK1   BANK3   BANK2
      Params:         0       8       0       0       0
      Locals:         0       4       0       0       0
      Temps:          0      12       0       0       0
      Totals:         0      24       0       0       0
Total ram usage:       24 bytes
 Hardware stack levels used:    1
 This function calls:
		Nothing
 This function is called by:
		_main
		_printf
		___flsub
 This function uses a non-reentrant model


 *************** function ___flneg *****************
 Defined at:
		line 15 in file "/opt/microchip/xc8/v2.00/pic/sources/c90/common/flneg.c"
 Parameters:    Size  Location     Type
  f1              4    0[COMMON] unsigned char 
 Auto vars:     Size  Location     Type
		None
 Return value:  Size  Location     Type
                  4    0[COMMON] unsigned char 
 Registers used:
		wreg
 Tracked objects:
		On entry : 
		On exit  : 
		Unchanged: 
 Data sizes:     COMMON   BANK0   BANK1   BANK3   BANK2
      Params:         4       0       0       0       0
      Locals:         0       0       0       0       0
      Temps:          0       0       0       0       0
      Totals:         4       0       0       0       0
Total ram usage:        4 bytes
 Hardware stack levels used:    1
 This function calls:
		Nothing
 This function is called by:
		_printf
 This function uses a non-reentrant model


 *************** function ___flge *****************
 Defined at:
		line 4 in file "/opt/microchip/xc8/v2.00/pic/sources/c90/common/flge.c"
 Parameters:    Size  Location     Type
  ff1             4    0[COMMON] unsigned char 
  ff2             4    4[COMMON] unsigned char 
 Auto vars:     Size  Location     Type
		None
 Return value:  Size  Location     Type
		None               void
 Registers used:
		wreg, status,2, status,0
 Tracked objects:
		On entry : 
		On exit  : 
		Unchanged: 
 Data sizes:     COMMON   BANK0   BANK1   BANK3   BANK2
      Params:         8       0       0       0       0
      Locals:         0       0       0       0       0
      Temps:          0       8       0       0       0
      Totals:         8       8       0       0       0
Total ram usage:       16 bytes
 Hardware stack levels used:    1
 This function calls:
		Nothing
 This function is called by:
		_printf
 This function uses a non-reentrant model


 *************** function ___fleq *****************
 Defined at:
		line 4 in file "/opt/microchip/xc8/v2.00/pic/sources/c90/common/fleq.c"
 Parameters:    Size  Location     Type
  ff1             4    0[COMMON] unsigned char 
  ff2             4    4[COMMON] unsigned char 
 Auto vars:     Size  Location     Type
		None
 Return value:  Size  Location     Type
		None               void
 Registers used:
		wreg, status,2, status,0
 Tracked objects:
		On entry : 
		On exit  : 
		Unchanged: 
 Data sizes:     COMMON   BANK0   BANK1   BANK3   BANK2
      Params:         8       0       0       0       0
      Locals:         0       0       0       0       0
      Temps:          4       0       0       0       0
      Totals:        12       0       0       0       0
Total ram usage:       12 bytes
 Hardware stack levels used:    1
 This function calls:
		Nothing
 This function is called by:
		_printf
 This function uses a non-reentrant model


 *************** function _confBusLCD *****************
 Defined at:
		line 112 in file "adc.c"
 Parameters:    Size  Location     Type
		None
 Auto vars:     Size  Location     Type
  t               2    4[COMMON] int 
  estado          2    2[COMMON] int 
 Return value:  Size  Location     Type
                  1    wreg      void 
 Registers used:
		wreg, status,2, status,0
 Tracked objects:
		On entry : 
		On exit  : 
		Unchanged: 
 Data sizes:     COMMON   BANK0   BANK1   BANK3   BANK2
      Params:         0       0       0       0       0
      Locals:         4       0       0       0       0
      Temps:          2       0       0       0       0
      Totals:         6       0       0       0       0
Total ram usage:        6 bytes
 Hardware stack levels used:    1
 This function calls:
		Nothing
 This function is called by:
		_main
 This function uses a non-reentrant model


 *************** function _comando *****************
 Defined at:
		line 131 in file "adc.c"
 Parameters:    Size  Location     Type
  com             2    0[COMMON] unsigned int 
 Auto vars:     Size  Location     Type
  t               2    6[COMMON] int 
  estado          2    4[COMMON] int 
 Return value:  Size  Location     Type
                  1    wreg      void 
 Registers used:
		wreg, status,2, status,0
 Tracked objects:
		On entry : 
		On exit  : 
		Unchanged: 
 Data sizes:     COMMON   BANK0   BANK1   BANK3   BANK2
      Params:         2       0       0       0       0
      Locals:         4       0       0       0       0
      Temps:          2       0       0       0       0
      Totals:         8       0       0       0       0
Total ram usage:        8 bytes
 Hardware stack levels used:    1
 This function calls:
		Nothing
 This function is called by:
		_main
 This function uses a non-reentrant model



MODULE INFORMATION

Module		Function		Class		Link	Load	Size
/opt/microchip/xc8/v2.00/pic/sources/c90/common/xxtofl.c
		___xxtofl      		CODE           	1D9A	0000	195

/opt/microchip/xc8/v2.00/pic/sources/c90/common/xxtofl.c estimated size: 195

/opt/microchip/xc8/v2.00/pic/sources/c90/common/isdigit.c
		_isdigit       		CODE           	100A	0000	21

/opt/microchip/xc8/v2.00/pic/sources/c90/common/isdigit.c estimated size: 21

/opt/microchip/xc8/v2.00/pic/sources/c90/common/flge.c
		___flge        		CODE           	1E5C	0000	196

/opt/microchip/xc8/v2.00/pic/sources/c90/common/flge.c estimated size: 196

/opt/microchip/xc8/v2.00/pic/sources/c90/common/sprcadd.c
		___flsub       		CODE           	1C1E	0000	82
		___fladd       		CODE           	1544	0000	701

/opt/microchip/xc8/v2.00/pic/sources/c90/common/sprcadd.c estimated size: 783

/opt/microchip/xc8/v2.00/pic/sources/c90/common/doprnt.c
		_scale         		CODE           	091C	0000	880
		_printf        		CODE           	080E	0000	2140
		_fround        		CODE           	1331	0000	532

/opt/microchip/xc8/v2.00/pic/sources/c90/common/doprnt.c estimated size: 3552

/opt/microchip/xc8/v2.00/pic/sources/c90/common/flneg.c
		___flneg       		CODE           	0003	0000	14

/opt/microchip/xc8/v2.00/pic/sources/c90/common/flneg.c estimated size: 14

/opt/microchip/xc8/v2.00/pic/sources/c90/common/putch.c
		_putch         		CODE           	080D	0000	2

/opt/microchip/xc8/v2.00/pic/sources/c90/common/putch.c estimated size: 2

/opt/microchip/xc8/v2.00/pic/sources/c90/common/Umul16.c
		___wmul        		CODE           	1A77	0000	41

/opt/microchip/xc8/v2.00/pic/sources/c90/common/Umul16.c estimated size: 41

adc.c
		_comando       		CODE           	1B3B	0000	73
		_main          		CODE           	1183	0000	431
		_confBusLCD    		CODE           	1AC9	0000	50

adc.c estimated size: 554

/opt/microchip/xc8/v2.00/pic/sources/c90/common/ftdivl.c
		__tdiv_to_l_   		CODE           	1F1F	0000	226

/opt/microchip/xc8/v2.00/pic/sources/c90/common/ftdivl.c estimated size: 226

/opt/microchip/xc8/v2.00/pic/sources/c90/common/fleq.c
		___fleq        		CODE           	1BCE	0000	81

/opt/microchip/xc8/v2.00/pic/sources/c90/common/fleq.c estimated size: 81

/opt/microchip/xc8/v2.00/pic/sources/c90/common/lwmod.c
		___lwmod       		CODE           	1AFA	0000	66

/opt/microchip/xc8/v2.00/pic/sources/c90/common/lwmod.c estimated size: 66

/opt/microchip/xc8/v2.00/pic/sources/c90/common/awmod.c
		___awmod       		CODE           	1CCA	0000	100

/opt/microchip/xc8/v2.00/pic/sources/c90/common/awmod.c estimated size: 100

/opt/microchip/xc8/v2.00/pic/sources/c90/common/llmod.c
		___llmod       		CODE           	1C6F	0000	92

/opt/microchip/xc8/v2.00/pic/sources/c90/common/llmod.c estimated size: 92

shared
		__stringtab    		STRING         	1800	0000	17
		__powers_      		STRING         	1810	0000	53
		_dpowers       		STRING         	1878	0000	41
		__npowers_     		STRING         	1844	0000	53
		__initialization		CODE           	07FC	0000	1

shared estimated size: 165

/opt/microchip/xc8/v2.00/pic/sources/c90/common/Umul8_16.c
		__Umul8_16     		CODE           	1A9F	0000	43

/opt/microchip/xc8/v2.00/pic/sources/c90/common/Umul8_16.c estimated size: 43

/opt/microchip/xc8/v2.00/pic/sources/c90/common/sprcmul.c
		___flmul       		CODE           	0C8B	0000	886

/opt/microchip/xc8/v2.00/pic/sources/c90/common/sprcmul.c estimated size: 886

/opt/microchip/xc8/v2.00/pic/sources/c90/common/fldivl.c
		__div_to_l_    		CODE           	1091	0000	243

/opt/microchip/xc8/v2.00/pic/sources/c90/common/fldivl.c estimated size: 243

/opt/microchip/xc8/v2.00/pic/sources/c90/common/lwdiv.c
		___lwdiv       		CODE           	1B83	0000	76

/opt/microchip/xc8/v2.00/pic/sources/c90/common/lwdiv.c estimated size: 76

/opt/microchip/xc8/v2.00/pic/sources/c90/common/awdiv.c
		___awdiv       		CODE           	101E	0000	116

/opt/microchip/xc8/v2.00/pic/sources/c90/common/awdiv.c estimated size: 116

/opt/microchip/xc8/v2.00/pic/sources/c90/common/__lldiv.c
		___lldiv       		CODE           	1D2D	0000	110

/opt/microchip/xc8/v2.00/pic/sources/c90/common/__lldiv.c estimated size: 110

/opt/microchip/xc8/v2.00/pic/sources/c90/common/fltol.c
		___fltol       		CODE           	0010	0000	157

/opt/microchip/xc8/v2.00/pic/sources/c90/common/fltol.c estimated size: 157

